// Vitest Snapshot v1, https://vitest.dev/guide/snapshot.html

exports[`Pipeline snapshot 1`] = `
<div>
  <span
    class="qc-node-wrapper undefined qc-size-m qc-intent-in-progress qc-state-active qc-clickable"
  >
    <span
      class="qc-node qc-node-loading"
    >
      <span
        class="qc-top-right-icon qc-size-m qc-intent-in-progress"
      >
        2
      </span>
      <span
        class="qc-node-percent-complete"
        style="background-size: 80%;"
      />
      <span
        class="qc-node-icon"
      >
        <svg
          class="tabler-icon tabler-icon-2fa"
          fill="none"
          height="24"
          stroke="currentColor"
          stroke-linecap="round"
          stroke-linejoin="round"
          stroke-width="2"
          viewBox="0 0 24 24"
          width="24"
          xmlns="http://www.w3.org/2000/svg"
        >
          <path
            d="M7 16h-4l3.47 -4.66a2 2 0 1 0 -3.47 -1.54"
          />
          <path
            d="M10 16v-8h4"
          />
          <path
            d="M10 12l3 0"
          />
          <path
            d="M17 16v-6a2 2 0 0 1 4 0v6"
          />
          <path
            d="M17 13l4 0"
          />
        </svg>
      </span>
      <div
        class="qc-node-outer-label qc-intent-in-progress"
      >
        <span
          class="qc-node-outer-label-inner"
        >
          Deploy
        </span>
      </div>
    </span>
  </span>
</div>
`;

exports[`Snapshot test 1`] = `
<div>
  <span
    class="qc-node-wrapper undefined qc-size-m qc-intent-in-progress qc-state-active qc-clickable"
  >
    <span
      class="qc-node qc-node-loading"
    >
      <span
        class="qc-top-right-icon qc-size-m qc-intent-in-progress"
      >
        2
      </span>
      <span
        class="qc-node-percent-complete"
        style="background-size: 80%;"
      />
      <span
        class="qc-node-icon"
      >
        <svg
          class="tabler-icon tabler-icon-2fa"
          fill="none"
          height="24"
          stroke="currentColor"
          stroke-linecap="round"
          stroke-linejoin="round"
          stroke-width="2"
          viewBox="0 0 24 24"
          width="24"
          xmlns="http://www.w3.org/2000/svg"
        >
          <path
            d="M7 16h-4l3.47 -4.66a2 2 0 1 0 -3.47 -1.54"
          />
          <path
            d="M10 16v-8h4"
          />
          <path
            d="M10 12l3 0"
          />
          <path
            d="M17 16v-6a2 2 0 0 1 4 0v6"
          />
          <path
            d="M17 13l4 0"
          />
        </svg>
      </span>
      <div
        class="qc-node-outer-label qc-intent-in-progress"
      >
        <span
          class="qc-node-outer-label-inner"
        >
          Deploy
        </span>
      </div>
    </span>
  </span>
</div>
`;
